// Jest Snapshot v1, https://goo.gl/fbAQLP

exports[`print hello world to the user 1`] = `
<h5>
  titre 1
</h5>
`;
